[    0.000000] Linux version 4.15.0-91-generic (buildd@lgw01-amd64-013) (gcc version 7.4.0 (Ubuntu 7.4.0-1ubuntu1~18.04.1)) #92-Ubuntu SMP Fri Feb 28 11:09:48 UTC 2020 (Ubuntu 4.15.0-91.92-generic 4.15.18)
[    0.000000] Command line: BOOT_IMAGE=/boot/vmlinuz-4.15.0-91-generic root=LABEL=cloudimg-rootfs ro console=tty1 console=ttyS0
[    0.000000] KERNEL supported cpus:
[    0.000000]   Intel GenuineIntel
[    0.000000]   AMD AuthenticAMD
[    0.000000]   Centaur CentaurHauls
[    0.000000] x86/fpu: Supporting XSAVE feature 0x001: 'x87 floating point registers'
[    0.000000] x86/fpu: Supporting XSAVE feature 0x002: 'SSE registers'
[    0.000000] x86/fpu: Supporting XSAVE feature 0x004: 'AVX registers'
[    0.000000] x86/fpu: xstate_offset[2]:  576, xstate_sizes[2]:  256
[    0.000000] x86/fpu: Enabled xstate features 0x7, context size is 832 bytes, using 'standard' format.
[    0.000000] e820: BIOS-provided physical RAM map:
[    0.000000] BIOS-e820: [mem 0x0000000000000000-0x000000000009fbff] usable
[    0.000000] BIOS-e820: [mem 0x000000000009fc00-0x000000000009ffff] reserved
[    0.000000] BIOS-e820: [mem 0x00000000000f0000-0x00000000000fffff] reserved
[    0.000000] BIOS-e820: [mem 0x0000000000100000-0x000000003ffeffff] usable
[    0.000000] BIOS-e820: [mem 0x000000003fff0000-0x000000003fffffff] ACPI data
[    0.000000] BIOS-e820: [mem 0x00000000fec00000-0x00000000fec00fff] reserved
[    0.000000] BIOS-e820: [mem 0x00000000fee00000-0x00000000fee00fff] reserved
[    0.000000] BIOS-e820: [mem 0x00000000fffc0000-0x00000000ffffffff] reserved
[    0.000000] NX (Execute Disable) protection: active
[    0.000000] SMBIOS 2.5 present.
[    0.000000] DMI: innotek GmbH VirtualBox/VirtualBox, BIOS VirtualBox 12/01/2006
[    0.000000] Hypervisor detected: KVM
[    0.000000] e820: last_pfn = 0x3fff0 max_arch_pfn = 0x400000000
[    0.000000] MTRR: Disabled
[    0.000000] x86/PAT: MTRRs disabled, skipping PAT initialization too.
[    0.000000] CPU MTRRs all blank - virtualized system.
[    0.000000] x86/PAT: Configuration [0-7]: WB  WT  UC- UC  WB  WT  UC- UC  
[    0.000000] found SMP MP-table at [mem 0x0009fff0-0x0009ffff]
[    0.000000] Scanning 1 areas for low memory corruption
[    0.000000] RAMDISK: [mem 0x35a6d000-0x36d2dfff]
[    0.000000] ACPI: Early table checksum verification disabled
[    0.000000] ACPI: RSDP 0x00000000000E0000 000024 (v02 VBOX  )
[    0.000000] ACPI: XSDT 0x000000003FFF0030 00003C (v01 VBOX   VBOXXSDT 00000001 ASL  00000061)
[    0.000000] ACPI: FACP 0x000000003FFF00F0 0000F4 (v04 VBOX   VBOXFACP 00000001 ASL  00000061)
[    0.000000] ACPI: DSDT 0x000000003FFF0470 002325 (v02 VBOX   VBOXBIOS 00000002 INTL 20100528)
[    0.000000] ACPI: FACS 0x000000003FFF0200 000040
[    0.000000] ACPI: FACS 0x000000003FFF0200 000040
[    0.000000] ACPI: APIC 0x000000003FFF0240 00005C (v02 VBOX   VBOXAPIC 00000001 ASL  00000061)
[    0.000000] ACPI: SSDT 0x000000003FFF02A0 0001CC (v01 VBOX   VBOXCPUT 00000002 INTL 20100528)
[    0.000000] No NUMA configuration found
[    0.000000] Faking a node at [mem 0x0000000000000000-0x000000003ffeffff]
[    0.000000] NODE_DATA(0) allocated [mem 0x3ffc5000-0x3ffeffff]
[    0.000000] kvm-clock: cpu 0, msr 0:3ff44001, primary cpu clock
[    0.000000] kvm-clock: Using msrs 4b564d01 and 4b564d00
[    0.000000] kvm-clock: using sched offset of 3389316907 cycles
[    0.000000] clocksource: kvm-clock: mask: 0xffffffffffffffff max_cycles: 0x1cd42e4dffb, max_idle_ns: 881590591483 ns
[    0.000000] Zone ranges:
[    0.000000]   DMA      [mem 0x0000000000001000-0x0000000000ffffff]
[    0.000000]   DMA32    [mem 0x0000000001000000-0x000000003ffeffff]
[    0.000000]   Normal   empty
[    0.000000]   Device   empty
[    0.000000] Movable zone start for each node
[    0.000000] Early memory node ranges
[    0.000000]   node   0: [mem 0x0000000000001000-0x000000000009efff]
[    0.000000]   node   0: [mem 0x0000000000100000-0x000000003ffeffff]
[    0.000000] Reserved but unavailable: 98 pages
[    0.000000] Initmem setup node 0 [mem 0x0000000000001000-0x000000003ffeffff]
[    0.000000] ACPI: PM-Timer IO Port: 0x4008
[    0.000000] IOAPIC[0]: apic_id 2, version 32, address 0xfec00000, GSI 0-23
[    0.000000] ACPI: INT_SRC_OVR (bus 0 bus_irq 0 global_irq 2 dfl dfl)
[    0.000000] ACPI: INT_SRC_OVR (bus 0 bus_irq 9 global_irq 9 low level)
[    0.000000] Using ACPI (MADT) for SMP configuration information
[    0.000000] smpboot: Allowing 2 CPUs, 0 hotplug CPUs
[    0.000000] PM: Registered nosave memory: [mem 0x00000000-0x00000fff]
[    0.000000] PM: Registered nosave memory: [mem 0x0009f000-0x0009ffff]
[    0.000000] PM: Registered nosave memory: [mem 0x000a0000-0x000effff]
[    0.000000] PM: Registered nosave memory: [mem 0x000f0000-0x000fffff]
[    0.000000] e820: [mem 0x40000000-0xfebfffff] available for PCI devices
[    0.000000] Booting paravirtualized kernel on KVM
[    0.000000] clocksource: refined-jiffies: mask: 0xffffffff max_cycles: 0xffffffff, max_idle_ns: 7645519600211568 ns
[    0.000000] random: get_random_bytes called from start_kernel+0x99/0x4fd with crng_init=0
[    0.000000] setup_percpu: NR_CPUS:8192 nr_cpumask_bits:2 nr_cpu_ids:2 nr_node_ids:1
[    0.000000] percpu: Embedded 45 pages/cpu s147456 r8192 d28672 u1048576
[    0.000000] PV qspinlock hash table entries: 256 (order: 0, 4096 bytes)
[    0.000000] Built 1 zonelists, mobility grouping on.  Total pages: 257913
[    0.000000] Policy zone: DMA32
[    0.000000] Kernel command line: BOOT_IMAGE=/boot/vmlinuz-4.15.0-91-generic root=LABEL=cloudimg-rootfs ro console=tty1 console=ttyS0
[    0.000000] Memory: 983064K/1048120K available (12300K kernel code, 2481K rwdata, 4264K rodata, 2432K init, 2712K bss, 65056K reserved, 0K cma-reserved)
[    0.000000] SLUB: HWalign=64, Order=0-3, MinObjects=0, CPUs=2, Nodes=1
[    0.000000] Kernel/User page tables isolation: enabled
[    0.000000] ftrace: allocating 39347 entries in 154 pages
[    0.004000] Hierarchical RCU implementation.
[    0.004000] 	RCU restricting CPUs from NR_CPUS=8192 to nr_cpu_ids=2.
[    0.004000] 	Tasks RCU enabled.
[    0.004000] RCU: Adjusting geometry for rcu_fanout_leaf=16, nr_cpu_ids=2
[    0.004000] NR_IRQS: 524544, nr_irqs: 440, preallocated irqs: 16
[    0.004000] Console: colour VGA+ 80x25
[    0.004000] console [tty1] enabled
[    0.004000] console [ttyS0] enabled
[    0.004000] ACPI: Core revision 20170831
[    0.004000] ACPI: 2 ACPI AML tables successfully acquired and loaded
[    0.004000] APIC: Switch to symmetric I/O mode setup
[    0.004000] x2apic enabled
[    0.004000] Switched APIC routing to physical x2apic.
[    0.004000] ..TIMER: vector=0x30 apic1=0 pin1=2 apic2=-1 pin2=-1
[    0.004003] tsc: Detected 3696.000 MHz processor
[    0.004677] Calibrating delay loop (skipped) preset value.. 7392.00 BogoMIPS (lpj=14784000)
[    0.005209] pid_max: default: 32768 minimum: 301
[    0.005913] Security Framework initialized
[    0.006525] Yama: becoming mindful.
[    0.008016] AppArmor: AppArmor initialized
[    0.011119] Dentry cache hash table entries: 131072 (order: 8, 1048576 bytes)
[    0.012039] Inode-cache hash table entries: 65536 (order: 7, 524288 bytes)
[    0.013026] Mount-cache hash table entries: 2048 (order: 2, 16384 bytes)
[    0.013966] Mountpoint-cache hash table entries: 2048 (order: 2, 16384 bytes)
[    0.015162] Last level iTLB entries: 4KB 64, 2MB 8, 4MB 8
[    0.016002] Last level dTLB entries: 4KB 64, 2MB 0, 4MB 0, 1GB 4
[    0.016910] Spectre V1 : Mitigation: usercopy/swapgs barriers and __user pointer sanitization
[    0.018139] Spectre V2 : Mitigation: Full generic retpoline
[    0.018962] Spectre V2 : Spectre v2 / SpectreRSB mitigation: Filling RSB on context switch
[    0.020001] Speculative Store Bypass: Vulnerable
[    0.020746] MDS: Vulnerable: Clear CPU buffers attempted, no microcode
[    0.021817] Freeing SMP alternatives memory: 36K
[    0.132054] smpboot: CPU0: Intel(R) Core(TM) i7-8700K CPU @ 3.70GHz (family: 0x6, model: 0x9e, stepping: 0xa)
[    0.133946] Performance Events: unsupported p6 CPU model 158 no PMU driver, software events only.
[    0.135503] Hierarchical SRCU implementation.
[    0.136421] NMI watchdog: Perf event create on CPU 0 failed with -2
[    0.137511] NMI watchdog: Perf NMI watchdog permanently disabled
[    0.138543] smp: Bringing up secondary CPUs ...
[    0.139423] x86: Booting SMP configuration:
[    0.140002] .... node  #0, CPUs:      #1
[    0.004000] kvm-clock: cpu 1, msr 0:3ff44041, secondary cpu clock
[    0.144027] smp: Brought up 1 node, 2 CPUs
[    0.144892] smpboot: Max logical packages: 1
[    0.145784] smpboot: Total of 2 processors activated (14784.00 BogoMIPS)
[    0.148111] devtmpfs: initialized
[    0.148783] x86/mm: Memory block size: 128MB
[    0.149661] evm: security.selinux
[    0.150177] evm: security.SMACK64
[    0.150700] evm: security.SMACK64EXEC
[    0.152005] evm: security.SMACK64TRANSMUTE
[    0.152639] evm: security.SMACK64MMAP
[    0.153201] evm: security.apparmor
[    0.153731] evm: security.ima
[    0.154215] evm: security.capability
[    0.154801] clocksource: jiffies: mask: 0xffffffff max_cycles: 0xffffffff, max_idle_ns: 7645041785100000 ns
[    0.156006] futex hash table entries: 512 (order: 3, 32768 bytes)
[    0.158564] pinctrl core: initialized pinctrl subsystem
[    0.160023] RTC time:  1:35:14, date: 03/24/20
[    0.160813] NET: Registered protocol family 16
[    0.161546] audit: initializing netlink subsys (disabled)
[    0.162356] audit: type=2000 audit(1585013719.528:1): state=initialized audit_enabled=0 res=1
[    0.162356] cpuidle: using governor ladder
[    0.164006] cpuidle: using governor menu
[    0.164640] ACPI: bus type PCI registered
[    0.165412] acpiphp: ACPI Hot Plug PCI Controller Driver version: 0.5
[    0.166479] PCI: Using configuration type 1 for base access
[    0.168161] HugeTLB registered 2.00 MiB page size, pre-allocated 0 pages
[    0.168996] ACPI: Added _OSI(Module Device)
[    0.168996] ACPI: Added _OSI(Processor Device)
[    0.169368] ACPI: Added _OSI(3.0 _SCP Extensions)
[    0.172002] ACPI: Added _OSI(Processor Aggregator Device)
[    0.172807] ACPI: Added _OSI(Linux-Dell-Video)
[    0.173473] ACPI: Added _OSI(Linux-Lenovo-NV-HDMI-Audio)
[    0.174252] ACPI: Added _OSI(Linux-HPI-Hybrid-Graphics)
[    0.176028] ACPI: Executed 1 blocks of module-level executable AML code
[    0.180000] ACPI: Interpreter enabled
[    0.180010] ACPI: (supports S0 S5)
[    0.180651] ACPI: Using IOAPIC for interrupt routing
[    0.181871] PCI: Using host bridge windows from ACPI; if necessary, use "pci=nocrs" and report a bug
[    0.184145] ACPI: Enabled 2 GPEs in block 00 to 07
[    0.189984] ACPI: PCI Root Bridge [PCI0] (domain 0000 [bus 00-ff])
[    0.191039] acpi PNP0A03:00: _OSC: OS supports [ASPM ClockPM Segments MSI]
[    0.192466] acpi PNP0A03:00: _OSC: not requesting OS control; OS requires [ExtendedConfig ASPM ClockPM MSI]
[    0.194196] acpi PNP0A03:00: fail to add MMCONFIG information, can't access extended PCI configuration space under this bridge.
[    0.196337] PCI host bridge to bus 0000:00
[    0.197179] pci_bus 0000:00: root bus resource [io  0x0000-0x0cf7 window]
[    0.198533] pci_bus 0000:00: root bus resource [io  0x0d00-0xffff window]
[    0.199693] pci_bus 0000:00: root bus resource [mem 0x000a0000-0x000bffff window]
[    0.200002] pci_bus 0000:00: root bus resource [mem 0x40000000-0xfdffffff window]
[    0.201304] pci_bus 0000:00: root bus resource [bus 00-ff]
[    0.205654] pci 0000:00:01.1: legacy IDE quirk: reg 0x10: [io  0x01f0-0x01f7]
[    0.206863] pci 0000:00:01.1: legacy IDE quirk: reg 0x14: [io  0x03f6]
[    0.207973] pci 0000:00:01.1: legacy IDE quirk: reg 0x18: [io  0x0170-0x0177]
[    0.208002] pci 0000:00:01.1: legacy IDE quirk: reg 0x1c: [io  0x0376]
[    0.219069] pci 0000:00:07.0: quirk: [io  0x4000-0x403f] claimed by PIIX4 ACPI
[    0.220012] pci 0000:00:07.0: quirk: [io  0x4100-0x410f] claimed by PIIX4 SMB
[    0.225309] ACPI: PCI Interrupt Link [LNKA] (IRQs 5 9 10 *11)
[    0.226598] ACPI: PCI Interrupt Link [LNKB] (IRQs 5 9 *10 11)
[    0.227670] ACPI: PCI Interrupt Link [LNKC] (IRQs 5 *9 10 11)
[    0.228125] ACPI: PCI Interrupt Link [LNKD] (IRQs 5 9 10 *11)
[    0.229477] SCSI subsystem initialized
[    0.230189] pci 0000:00:02.0: vgaarb: setting as boot VGA device
[    0.230189] pci 0000:00:02.0: vgaarb: VGA device added: decodes=io+mem,owns=io+mem,locks=none
[    0.232007] pci 0000:00:02.0: vgaarb: bridge control possible
[    0.232989] vgaarb: loaded
[    0.233537] ACPI: bus type USB registered
[    0.236020] usbcore: registered new interface driver usbfs
[    0.237010] usbcore: registered new interface driver hub
[    0.237973] usbcore: registered new device driver usb
[    0.238881] EDAC MC: Ver: 3.0.0
[    0.240153] PCI: Using ACPI for IRQ routing
[    0.240995] NetLabel: Initializing
[    0.241628] NetLabel:  domain hash size = 128
[    0.242402] NetLabel:  protocols = UNLABELED CIPSOv4 CALIPSO
[    0.243388] NetLabel:  unlabeled traffic allowed by default
[    0.244085] clocksource: Switched to clocksource kvm-clock
[    0.261377] VFS: Disk quotas dquot_6.6.0
[    0.262141] VFS: Dquot-cache hash table entries: 512 (order 0, 4096 bytes)
[    0.263471] AppArmor: AppArmor Filesystem Enabled
[    0.264342] pnp: PnP ACPI init
[    0.265980] pnp: PnP ACPI: found 3 devices
[    0.274943] clocksource: acpi_pm: mask: 0xffffff max_cycles: 0xffffff, max_idle_ns: 2085701024 ns
[    0.276131] NET: Registered protocol family 2
[    0.277379] TCP established hash table entries: 8192 (order: 4, 65536 bytes)
[    0.278612] TCP bind hash table entries: 8192 (order: 5, 131072 bytes)
[    0.282096] TCP: Hash tables configured (established 8192 bind 8192)
[    0.283176] UDP hash table entries: 512 (order: 2, 16384 bytes)
[    0.284209] UDP-Lite hash table entries: 512 (order: 2, 16384 bytes)
[    0.285426] NET: Registered protocol family 1
[    0.286213] pci 0000:00:00.0: Limiting direct PCI/PCI transfers
[    0.287297] pci 0000:00:01.0: Activating ISA DMA hang workarounds
[    0.288386] pci 0000:00:02.0: Video device with shadowed ROM at [mem 0x000c0000-0x000dffff]
[    0.290016] Unpacking initramfs...
[    0.605274] Freeing initrd memory: 19204K
[    0.606118] clocksource: tsc: mask: 0xffffffffffffffff max_cycles: 0x6a8d280fdb9, max_idle_ns: 881591151302 ns
[    0.607853] platform rtc_cmos: registered platform RTC device (no PNP device found)
[    0.609321] Scanning for low memory corruption every 60 seconds
[    0.610854] Initialise system trusted keyrings
[    0.611683] Key type blacklist registered
[    0.612597] workingset: timestamp_bits=36 max_order=18 bucket_order=0
[    0.614455] zbud: loaded
[    0.615885] squashfs: version 4.0 (2009/01/31) Phillip Lougher
[    0.617154] fuse init (API version 7.26)
[    0.619940] Key type asymmetric registered
[    0.620776] Asymmetric key parser 'x509' registered
[    0.621624] Block layer SCSI generic (bsg) driver version 0.4 loaded (major 246)
[    0.622928] io scheduler noop registered
[    0.623626] io scheduler deadline registered
[    0.624402] io scheduler cfq registered (default)
[    0.625427] ACPI: AC Adapter [AC] (on-line)
[    0.626227] input: Power Button as /devices/LNXSYSTM:00/LNXPWRBN:00/input/input0
[    0.627672] ACPI: Power Button [PWRF]
[    0.628421] input: Sleep Button as /devices/LNXSYSTM:00/LNXSLPBN:00/input/input1
[    0.629674] ACPI: Sleep Button [SLPF]
[    0.630601] Serial: 8250/16550 driver, 32 ports, IRQ sharing enabled
[    0.654083] 00:02: ttyS0 at I/O 0x3f8 (irq = 4, base_baud = 115200) is a 16550A
[    0.657313] Linux agpgart interface v0.103
[    0.659938] loop: module loaded
[    0.660955] scsi host0: ata_piix
[    0.661751] scsi host1: ata_piix
[    0.662531] ata1: PATA max UDMA/33 cmd 0x1f0 ctl 0x3f6 bmdma 0xd000 irq 14
[    0.663669] ata2: PATA max UDMA/33 cmd 0x170 ctl 0x376 bmdma 0xd008 irq 15
[    0.665736] libphy: Fixed MDIO Bus: probed
[    0.666791] tun: Universal TUN/TAP device driver, 1.6
[    0.667909] PPP generic driver version 2.4.2
[    0.668882] ehci_hcd: USB 2.0 'Enhanced' Host Controller (EHCI) Driver
[    0.669945] ehci-pci: EHCI PCI platform driver
[    0.670891] ehci-platform: EHCI generic platform driver
[    0.671798] ohci_hcd: USB 1.1 'Open' Host Controller (OHCI) Driver
[    0.679730] ohci-pci: OHCI PCI platform driver
[    0.680573] ohci-platform: OHCI generic platform driver
[    0.681741] uhci_hcd: USB Universal Host Controller Interface driver
[    0.683293] i8042: PNP: PS/2 Controller [PNP0303:PS2K,PNP0f03:PS2M] at 0x60,0x64 irq 1,12
[    0.685193] serio: i8042 KBD port at 0x60,0x64 irq 1
[    0.686057] serio: i8042 AUX port at 0x60,0x64 irq 12
[    0.687099] mousedev: PS/2 mouse device common for all mice
[    0.688594] rtc_cmos rtc_cmos: rtc core: registered rtc_cmos as rtc0
[    0.689830] rtc_cmos rtc_cmos: alarms up to one day, 114 bytes nvram
[    0.690955] i2c /dev entries driver
[    0.691625] input: AT Translated Set 2 keyboard as /devices/platform/i8042/serio0/input/input2
[    0.693242] device-mapper: uevent: version 1.0.3
[    0.694141] device-mapper: ioctl: 4.37.0-ioctl (2017-09-20) initialised: dm-devel@redhat.com
[    0.695608] ledtrig-cpu: registered to indicate activity on CPUs
[    0.697140] NET: Registered protocol family 10
[    0.700777] Segment Routing with IPv6
[    0.701473] NET: Registered protocol family 17
[    0.702271] Key type dns_resolver registered
[    0.703209] mce: Using 0 MCE banks
[    0.703891] RAS: Correctable Errors collector initialized.
[    0.704921] sched_clock: Marking stable (704908527, 0)->(882084118, -177175591)
[    0.706456] registered taskstats version 1
[    0.707172] Loading compiled-in X.509 certificates
[    0.709412] Loaded X.509 cert 'Build time autogenerated kernel key: d019e8c5f4cbc828f6af43369f65a014a3a68371'
[    0.711048] zswap: loaded using pool lzo/zbud
[    0.714239] Key type big_key registered
[    0.715081] Key type trusted registered
[    0.717142] Key type encrypted registered
[    0.717865] AppArmor: AppArmor sha1 policy hashing enabled
[    0.718802] ima: No TPM chip found, activating TPM-bypass! (rc=-19)
[    0.719850] ima: Allocated hash algorithm: sha1
[    0.720833] evm: HMAC attrs: 0x1
[    0.721609]   Magic number: 12:915:559
[    0.722288]   hash matches /build/linux-ZcR2Eb/linux-4.15.0/drivers/base/power/main.c:571
[    0.723688] tty ttyS31: hash matches
[    0.724448] rtc_cmos rtc_cmos: setting system clock to 2020-03-24 01:35:15 UTC (1585013715)
[    0.725980] BIOS EDD facility v0.16 2004-Jun-25, 0 devices found
[    0.727055] EDD information not available.
[    0.848774] Freeing unused kernel image memory: 2432K
[    0.860271] Write protecting the kernel read-only data: 20480k
[    0.861750] Freeing unused kernel image memory: 2008K
[    0.862905] Freeing unused kernel image memory: 1880K
[    0.871396] x86/mm: Checked W+X mappings: passed, no W+X pages found.
[    0.872543] x86/mm: Checking user space page tables
[    0.879852] x86/mm: Checked W+X mappings: passed, no W+X pages found.
Loading, please wait...
starting version 237
[    0.930918] e1000: Intel(R) PRO/1000 Network Driver - version 7.3.21-k8-NAPI
[    0.933106] e1000: Copyright (c) 1999-2006 Intel Corporation.
[    0.933143] Fusion MPT base driver 3.04.20
[    0.934969] Copyright (c) 1999-2008 LSI Corporation
[    0.952625] AVX2 version of gcm_enc/dec engaged.
[    0.953393] AES CTR mode by8 optimization enabled
[    0.955827] Fusion MPT SPI Host driver 3.04.20
[    1.150976] input: ImExPS/2 Generic Explorer Mouse as /devices/platform/i8042/serio1/input/input4
[    1.315255] e1000 0000:00:03.0 eth0: (PCI:33MHz:32-bit) 02:9c:31:18:9c:f3
[    1.316373] e1000 0000:00:03.0 eth0: Intel(R) PRO/1000 Network Connection
[    1.318266] mptbase: ioc0: Initiating bringup
[    1.318267] e1000 0000:00:03.0 enp0s3: renamed from eth0
[    1.416697] ioc0: LSI53C1030 A0: Capabilities={Initiator}
[    1.658213] scsi host2: ioc0: LSI53C1030 A0, FwRev=00000000h, Ports=1, MaxQ=256, IRQ=20
[    1.825382] scsi 2:0:0:0: Direct-Access     VBOX     HARDDISK         1.0  PQ: 0 ANSI: 5
[    1.856506] scsi target2:0:0: Beginning Domain Validation
[    1.865902] scsi target2:0:0: Domain Validation skipping write tests
[    1.866949] scsi target2:0:0: Ending Domain Validation
[    1.867854] scsi target2:0:0: asynchronous
[    1.869119] scsi 2:0:1:0: Direct-Access     VBOX     HARDDISK         1.0  PQ: 0 ANSI: 5
[    1.900729] scsi target2:0:1: Beginning Domain Validation
[    1.903653] random: fast init done
[    1.904475] scsi target2:0:1: Domain Validation skipping write tests
[    1.905393] scsi target2:0:1: Ending Domain Validation
[    1.906321] scsi target2:0:1: asynchronous
[    1.911049] random: systemd-udevd: uninitialized urandom read (16 bytes read)
[    1.912645] random: systemd-udevd: uninitialized urandom read (16 bytes read)
[    1.913848] random: systemd-udevd: uninitialized urandom read (16 bytes read)
[    1.915306] sd 2:0:0:0: Attached scsi generic sg0 type 0
[    1.915327] sd 2:0:0:0: [sda] 20971520 512-byte logical blocks: (10.7 GB/10.0 GiB)
[    1.916598] sd 2:0:1:0: Attached scsi generic sg1 type 0
[    1.917651] sd 2:0:0:0: [sda] Write Protect is off
[    1.919547] sd 2:0:0:0: [sda] Incomplete mode parameter data
[    1.920638] sd 2:0:0:0: [sda] Assuming drive cache: write through
[    1.920680] sd 2:0:1:0: [sdb] 20480 512-byte logical blocks: (10.5 MB/10.0 MiB)
[    1.923155] sd 2:0:1:0: [sdb] Write Protect is off
[    1.924406]  sda: sda1
[    1.925154] sd 2:0:1:0: [sdb] Incomplete mode parameter data
[    1.925439] sd 2:0:0:0: [sda] Attached SCSI disk
[    1.927077] sd 2:0:1:0: [sdb] Assuming drive cache: write through
[    1.932324] sd 2:0:1:0: [sdb] Attached SCSI disk
Begin: Loading essential drivers ... [    3.420122] raid6: sse2x1   gen() 14757 MB/s
[    3.468028] raid6: sse2x1   xor() 10454 MB/s
[    3.517713] raid6: sse2x2   gen() 10481 MB/s
[    3.564576] raid6: sse2x2   xor() 12230 MB/s
[    3.612368] raid6: sse2x4   gen() 20953 MB/s
[    3.660202] raid6: sse2x4   xor() 12554 MB/s
[    3.708014] raid6: avx2x1   gen() 30299 MB/s
[    3.756010] raid6: avx2x1   xor() 20559 MB/s
[    3.804639] raid6: avx2x2   gen() 34087 MB/s
[    3.852467] raid6: avx2x2   xor() 20031 MB/s
[    3.900286] raid6: avx2x4   gen() 40248 MB/s
[    3.948083] raid6: avx2x4   xor() 23248 MB/s
[    3.948975] raid6: using algorithm avx2x4 gen() 40248 MB/s
[    3.950061] raid6: .... xor() 23248 MB/s, rmw enabled
[    3.950913] raid6: using avx2x2 recovery algorithm
[    3.952787] xor: automatically using best checksumming function   avx       
[    3.954831] async_tx: api initialized (async)
done.
Begin: Running /scripts/init-premount ... done.
Begin: Mounting root file system ... Begin: Running /scripts/local-top ... done.
Begin: Running /scripts/local-premount ... [    3.988815] Btrfs loaded, crc32c=crc32c-intel
Scanning for Btrfs filesystems
done.
Warning: fsck not present, so skipping root file system
[    4.010788] EXT4-fs (sda1): mounted filesystem with ordered data mode. Opts: (null)
done.
Begin: Running /scripts/local-bottom ... done.
Begin: Running /scripts/init-bottom ... done.
[    4.156874] ip_tables: (C) 2000-2006 Netfilter Core Team
[    4.165764] systemd[1]: systemd 237 running in system mode. (+PAM +AUDIT +SELINUX +IMA +APPARMOR +SMACK +SYSVINIT +UTMP +LIBCRYPTSETUP +GCRYPT +GNUTLS +ACL +XZ +LZ4 +SECCOMP +BLKID +ELFUTILS +KMOD -IDN2 +IDN -PCRE2 default-hierarchy=hybrid)
[    4.169448] systemd[1]: Detected virtualization oracle.
[    4.170314] systemd[1]: Detected architecture x86-64.

Welcome to [1mUbuntu 18.04.4 LTS[0m!

[    4.185216] systemd[1]: Set hostname to <ubuntu>.
[    4.189631] systemd[1]: Initializing machine ID from random generator.
[    4.190795] systemd[1]: Installed transient /etc/machine-id file.
[    4.408067] systemd[1]: Created slice User and Session Slice.
[[0;32m  OK  [0m] Created slice User and Session Slice.
[    4.409802] systemd[1]: Created slice System Slice.
[[0;32m  OK  [0m] Created slice System Slice.
[    4.411132] systemd[1]: Listening on Journal Socket (/dev/log).
[[0;32m  OK  [0m] Listening on Journal Socket (/dev/log).
[    4.412692] systemd[1]: Listening on Journal Socket.
[[0;32m  OK  [0m] Listening on Journal Socket.
         Starting Create list of required stâ€¦ce nodes for the current kernel...
[[0;32m  OK  [0m] Listening on udev Control Socket.
[[0;32m  OK  [0m] Reached target Swap.
         Starting Load Kernel Modules...
[[0;32m  OK  [0m] Reached target User and Group Name Lookups.
[[0;32m  OK  [0m] Listening on LVM2 poll daemon socket.
[    4.449641] Loading iSCSI transport class v2.0-870.
[    4.454484] iscsi: registered transport (tcp)
[[0;32m  OK  [0m] Reached target System Time Synchronized.
[    4.467355] iscsi: registered transport (iser)
[[0;32m  OK  [0m] Listening on Device-mapper event daemon FIFOs.
         Mounting POSIX Message Queue File System...
[[0;32m  OK  [0m] Listening on Journal Audit Socket.
[[0;32m  OK  [0m] Listening on /dev/initctl Compatibility Named Pipe.
[[0;32m  OK  [0m] Reached target Slices.
[[0;32m  OK  [0m] Created slice system-serial\x2dgetty.slice.
[[0;32m  OK  [0m] Listening on Syslog Socket.
         Starting Journal Service...
[[0;32m  OK  [0m] Started Forward Password Requests to Wall Directory Watch.
[[0;32m  OK  [0m] Set up automount Arbitrary Executabâ€¦rmats File System Automount Point.
         Starting Set the console keyboard layout...
         Mounting Huge Pages File System...
[[0;32m  OK  [0m] Listening on Network Service Netlink Socket.
         Starting Remount Root and Kernel File Systems...
[[0;32m  OK  [0m] Listening on udev Kernel Socket.
         Starting udev Coldplug all Devices...
[    4.590032] EXT4-fs (sda1): re-mounted. Opts: (null)
[[0;32m  OK  [0m] Listening on LVM2 metadata daemon socket.
         Starting Monitoring of LVM2 mirrorsâ€¦ng dmeventd or progress polling...
         Starting Uncomplicated firewall...
         Mounting Kernel Debug File System...
[[0;32m  OK  [0m] Started Journal Service.
[[0;32m  OK  [0m] Started Create list of required staâ€¦vice nodes for the current kernel.
[[0;32m  OK  [0m] Started Load Kernel Modules.
[[0;32m  OK  [0m] Mounted POSIX Message Queue File System.
[[0;32m  OK  [0m] Mounted Huge Pages File System.
[[0;32m  OK  [0m] Started Remount Root and Kernel File Systems.
[[0;32m  OK  [0m] Started Uncomplicated firewall.
[[0;32m  OK  [0m] Mounted Kernel Debug File System.
[[0;32m  OK  [0m] Started LVM2 metadata daemon.
         Starting Load/Save Random Seed...
         Mounting Kernel Configuration File System...
         Mounting FUSE Control File System...
         Starting Apply Kernel Variables...
         Starting Create Static Device Nodes in /dev...
         Starting Flush Journal to Persistent Storage...
[[0;32m  OK  [0m] Started Monitoring of LVM2 mirrors,â€¦sing dmeventd or progress polling.
[[0;32m  OK  [0m] Started udev Coldplug all Devices.
[[0;32m  OK  [0m] Started Load/Save Random Seed.
[[0;32m  OK  [0m] Mounted Kernel Configuration File System.
[[0;32m  OK  [0m] Mounted FUSE Control File System.
[[0;32m  OK  [0m] Started Apply Kernel Variables.
[[0;32m  OK  [0m] Started Create Static Device Nodes in /dev.
         Starting udev Kernel Device Manager...
[[0;32m  OK  [0m] Started Flush Journal to Persistent Storage.
[[0;32m  OK  [0m] Started udev Kernel Device Manager.
[[0;32m  OK  [0m] Found device /dev/ttyS0.
[[0;32m  OK  [0m] Listening on Load/Save RF Kill Switch Status /dev/rfkill Watch.
[[0;32m  OK  [0m] Started Set the console keyboard layout.
[[0;32m  OK  [0m] Started Dispatch Password Requests to Console Directory Watch.
[[0;32m  OK  [0m] Reached target Local Encrypted Volumes.
[[0;32m  OK  [0m] Reached target Local File Systems (Pre).
[[0;32m  OK  [0m] Reached target Local File Systems.
         Starting Set console font and keymap...
         Starting Create Volatile Files and Directories...
         Starting ebtables ruleset management...
         Starting Commit a transient machine-id on disk...
         Starting Tell Plymouth To Write Out Runtime Data...
         Starting AppArmor initialization...
[[0;32m  OK  [0m] Started Set console font and keymap.
[[0;32m  OK  [0m] Started Create Volatile Files and Directories.
[[0;32m  OK  [0m] Started Tell Plymouth To Write Out Runtime Data.
         Starting Update UTMP about System Boot/Shutdown...
[[0;32m  OK  [0m] Started Update UTMP about System Boot/Shutdown.
[[0;32m  OK  [0m] Started ebtables ruleset management.
[[0;32m  OK  [0m] Started Commit a transient machine-id on disk.
[[0;32m  OK  [0m] Started AppArmor initialization.
         Starting Initial cloud-init job (pre-networking)...
[    7.694779] cloud-init[705]: Cloud-init v. 19.4-33-gbb4131a2-0ubuntu1~18.04.1 running 'init-local' at Tue, 24 Mar 2020 01:35:22 +0000. Up 7.34 seconds.
[[0;32m  OK  [0m] Started Initial cloud-init job (pre-networking).
[[0;32m  OK  [0m] Reached target Network (Pre).
         Starting Network Service...
[[0;32m  OK  [0m] Started Network Service.
         Starting Network Name Resolution...
         Starting Wait for Network to be Configured...
[[0;32m  OK  [0m] Started Network Name Resolution.
[[0;32m  OK  [0m] Reached target Network.
[[0;32m  OK  [0m] Reached target Host and Network Name Lookups.
[[0;32m  OK  [0m] Started Wait for Network to be Configured.
         Starting Initial cloud-init job (metadata service crawler)...
[    9.876140] cloud-init[813]: Cloud-init v. 19.4-33-gbb4131a2-0ubuntu1~18.04.1 running 'init' at Tue, 24 Mar 2020 01:35:24 +0000. Up 9.71 seconds.
[    9.888166] cloud-init[813]: ci-info: ++++++++++++++++++++++++++++++++++++++Net device info++++++++++++++++++++++++++++++++++++++
[    9.900102] cloud-init[813]: ci-info: +--------+------+----------------------------+---------------+--------+-------------------+
[    9.900833] cloud-init[813]: ci-info: | Device |  Up  |          Address           |      Mask     | Scope  |     Hw-Address    |
[    9.901592] cloud-init[813]: ci-info: +--------+------+----------------------------+---------------+--------+-------------------+
[    9.902847] cloud-init[813]: ci-info: | enp0s3 | True |         10.0.2.15          | 255.255.255.0 | global | 02:9c:31:18:9c:f3 |
[    9.904089] cloud-init[813]: ci-info: | enp0s3 | True | fe80::9c:31ff:fe18:9cf3/64 |       .       |  link  | 02:9c:31:18:9c:f3 |
[    9.905299] cloud-init[813]: ci-info: |   lo   | True |         127.0.0.1          |   255.0.0.0   |  host  |         .         |
[    9.906484] cloud-init[813]: ci-info: |   lo   | True |          ::1/128           |       .       |  host  |         .         |
[    9.907967] cloud-init[813]: ci-info: +--------+------+----------------------------+---------------+--------+-------------------+
[    9.909248] cloud-init[813]: ci-info: ++++++++++++++++++++++++++++Route IPv4 info+++++++++++++++++++++++++++++
[    9.910251] cloud-init[813]: ci-info: +-------+-------------+----------+-----------------+-----------+-------+
[    9.911299] cloud-init[813]: ci-info: | Route | Destination | Gateway  |     Genmask     | Interface | Flags |
[    9.912454] cloud-init[813]: ci-info: +-------+-------------+----------+-----------------+-----------+-------+
[    9.913551] cloud-init[813]: ci-info: |   0   |   0.0.0.0   | 10.0.2.2 |     0.0.0.0     |   enp0s3  |   UG  |
[    9.924234] cloud-init[813]: ci-info: |   1   |   10.0.2.0  | 0.0.0.0  |  255.255.255.0  |   enp0s3  |   U   |
[    9.925370] cloud-init[813]: ci-info: |   2   |   10.0.2.2  | 0.0.0.0  | 255.255.255.255 |   enp0s3  |   UH  |
[    9.926549] cloud-init[813]: ci-info: +-------+-------------+----------+-----------------+-----------+-------+
[    9.927718] cloud-init[813]: ci-info: +++++++++++++++++++Route IPv6 info+++++++++++++++++++
[    9.928747] cloud-init[813]: ci-info: +-------+-------------+---------+-----------+-------+
[    9.929721] cloud-init[813]: ci-info: | Route | Destination | Gateway | Interface | Flags |
[    9.930854] cloud-init[813]: ci-info: +-------+-------------+---------+-----------+-------+
[    9.932185] cloud-init[813]: ci-info: |   1   |  fe80::/64  |    ::   |   enp0s3  |   U   |
[    9.933070] cloud-init[813]: ci-info: |   3   |    local    |    ::   |   enp0s3  |   U   |
[    9.934166] cloud-init[813]: ci-info: |   4   |   ff00::/8  |    ::   |   enp0s3  |   U   |
[    9.935157] cloud-init[813]: ci-info: +-------+-------------+---------+-----------+-------+
[   10.952987] cloud-init[813]: Generating public/private rsa key pair.
[   10.964384] cloud-init[813]: Your identification has been saved in /etc/ssh/ssh_host_rsa_key.
[   10.976551] cloud-init[813]: Your public key has been saved in /etc/ssh/ssh_host_rsa_key.pub.
[   10.988201] [cloud-init[0;32m  OK  [0m[813]: ] The key fingerprint is:Started Initial cloud-init job (metadata service crawler).

[[0;32m  OK  [0m] Reached target Cloud-config availability.
[   11.000825] cloud-init[813]: SHA256:a7Nd/4m8ux0GTykP0Tc0otZwcGPPRvmHel51sP3NOZU root@ubuntu-bionic
[   11.012462] [cloud-init[813]: [0;32m  OK  [0mThe key's randomart image is:] 
Reached target Network is Online.
         Starting Availability of block devices...
[   11.025200] [cloud-init[0;32m  OK  [0m[813]: ] Reached target Remote File Systems (Pre).+---[RSA 2048]----+

[[0;32m  OK  [0m] Reached target Remote File Systems.
[   11.036741] [[0;32m  OK  [0m] Reached target System Initialization.
[[0;32m  OK  [0m] Started Message of the Day.
cloud-init         Starting Socket activation for snappy daemon.
[[0;32m  OK  [0m] Listening on UUID daemon activation socket.
[[0;32m  OK  [0m] Started Daily Cleanup of Temporary Directories.
[813]: |           o.* +.|
         Starting LXD - unix socket.
[   11.044034] cloud-init[813]: |            B X..|
[   11.046544] cloud-init[813]: |           o o @+|
[[0;32m  OK  [0m] Started ACPI Events Check.
[   11.064865] cloud-init[813]: |          .   =E@|
[[0;32m  OK  [0m] Started Daily apt download activities.
[   11.088306] [cloud-init[0;32m  OK  [0m[813]: ] Started Daily apt upgrade and clean activities.|        S    = +O|

[   11.112175] [cloud-init[0;32m  OK  [0m[813]: ] |         .  . Oo=|Started Discard unused blocks once a week.

[[0;32m  OK  [0m] Reached target Timers.
[[0;32m  OK  [0m] Reached target Paths.
[   11.112423] [cloud-init[0;32m  OK  [0m[813]: ] |        +   .o *.|Listening on Open-iSCSI iscsid Socket.

[   11.114148] [cloud-init[0;32m  OK  [0m[813]: ] |       . + ...= o|Listening on D-Bus System Message Bus Socket.

[[0;32m  OK  [0m] Listening on ACPID Listen Socket.
[   11.124741] cloud-init[813]: |        . .  *=+.|
[   11.136680] cloud-init[813]: +----[SHA256]-----+
[[0;32m  OK  [0m] Started Availability of block devices.
[   11.136920] cloud-init[813]: Generating public/private dsa key pair.
[[0;32m  OK  [0m] Listening on Socket activation for snappy daemon.
[   11.148883] cloud-init[813]: Your identification has been saved in /etc/ssh/ssh_host_dsa_key.
[   11.149438] [cloud-init[0;32m  OK  [0m[813]: ] Your public key has been saved in /etc/ssh/ssh_host_dsa_key.pub.Listening on LXD - unix socket.

[   11.150360] [[0;32m  OK  [0m] Reached target Sockets.
[[0;32m  OK  [0m] Reached target Basic System.
cloud-init[813]: The key fingerprint is:
[   11.151486] cloud-init[813]: SHA256:MRAHDtWGfcjRZKur8ibv3F0CNDdX/AW3Ax01vIq96gQ root@ubuntu-bionic[[0;32m  OK  [0m] Started Regular background program processing daemon.
[[0;32m  OK  [0m] Started FUSE filesystem for LXC.
         Starting System Logging Service...
         Starting Permit User Sessions...

[   11.155034] cloud-init[813]: The key's randomart image is:
[   11.157293] cloud-init[813]:          Starting Login Service...
+---[DSA 1024]----+         Starting LXD - container startup/shutdown...
[[0;32m  OK  [0m] Started D-Bus System Message Bus.

[   11.160628] cloud-init[813]: |    ..=Bo=o  o=+=|
[   11.162523] cloud-init[813]: |     o.o*.o. .o++|
[   11.172220] cloud-init[813]: |      ..=.+ .  +o|
[   11.172901] cloud-init[813]: |       . * o   .o|
[   11.173479] cloud-init[813]: |        SE  o .  |
[   11.174328] cloud-init[813]: |         o.. o   |
[   11.174921] cloud-init[813]: |        . ... .  |
[   11.184147] cloud-init[813]: |    o..o ..o .   |
[   11.184519] cloud-init[813]: |     B* . oo.    |
[   11.184798] cloud-init[813]: +----[SHA256]-----+
[   11.185151] cloud-init[813]: Generating public/private ecdsa key pair.
[   11.185888] cloud-init[813]: Your identification has been saved in /etc/ssh/ssh_host_ecdsa_key.
[   11.186871] cloud-init[813]: Your public key has been saved in /etc/ssh/ssh_host_ecdsa_key.pub.
[   11.187860] cloud-init[813]: The key fingerprint is:
[   11.188576] cloud-init[813]: SHA256:WEEKpaxaKYNa1cIAzLFo8VlMSsF8zm0l/0vhVsZx5XY root@ubuntu-bionic
[   11.189648] cloud-init[813]: The key's randomart image is:
[   11.190377] cloud-init[813]: +---[ECDSA 256]---+
[   11.191008] cloud-init[813]: |++=o=+..o       o|
[   11.191684] cloud-init[813]: |.o=*+* o o   . o |
[   11.194040] cloud-init[813]: |.o +X + =   . o E|
[   11.194962] cloud-init[813]: |o  + + = . . + ..|
[   11.195970] cloud-init[813]: |+ =   o S o +    |
[   11.197000] cloud-init[813]: |.*         =     |
[   11.197670] cloud-init[813]: |o         o .    |
[   11.200077] cloud-init[813]: |           .     |
[   11.200976] cloud-init[813]: |                 |
[   11.202387] cloud-init[813]: +----[SHA256]-----+
[   11.203372] cloud-init[813]: Generating public/private ed25519 key pair.
[   11.204831] cloud-init[813]: Your identification has been saved in /etc/ssh/ssh_host_ed25519_key.
[   11.206470] cloud-init[813]: Your public key has been saved in /etc/ssh/ssh_host_ed25519_key.pub.
[   11.207775] cloud-init[813]: The key fingerprint is:
[   11.208916] cloud-init[813]: SHA256:/yVX8I0WYrhGgT/x/L1A5QRUbkjmWOBognwU3iSPl20 root@ubuntu-bionic
[   11.209999] cloud-init[813]: The key's randomart image is:
[   11.210825] cloud-init[813]: +--[ED25519 256]--+
[   11.211608] cloud-init[813]: |       +.o..o*o. |
[   11.212397] cloud-init[813]: |    . + B *o* oo |
[   11.214561] [[0;32m  OK  [0m] Started Deferred execution scheduler.
         Starting Virtualbox guest utils...
cloud-init[813]: |     o = OoEoo*o |
[   11.216845] cloud-init[813]: |      . +.+ooo.*.|
[   11.217523] cloud-init[813]: |        S o...o.+|
[   11.218165] cloud-init[813]: |         o   o...|
[   11.218806] cloud-init[813]: |          . . + .|
[   11.219453] cloud-init[813]: |           . + . |
[   11.220501] cloud-init[813]: |            .    |
[   11.221576] cloud-init[813]: +----[SHA256]-----+
[[0;32m  OK  [0m] Started irqbalance daemon.
         Starting Accounts Service...
         Starting LSB: automatic crash report generation...
         Starting Pollinate to seed the pseudo random number generator...
         Starting LSB: Record successful boot for GRUB...
         Starting Dispatcher daemon for systemd-networkd...
         Starting Snappy daemon...
[[0;32m  OK  [0m] Started System Logging Service.
[[0;32m  OK  [0m] Started Permit User Sessions.
[[0;32m  OK  [0m] Started LXD - container startup/shutdown.
[[0;32m  OK  [0m] Started Login Service.
         Starting Authorization Manager...
[[0;32m  OK  [0m] Started Unattended Upgrades Shutdown.
         Starting Hold until boot process finishes up...
         Starting Terminate Plymouth Boot Screen...
[[0;32m  OK  [0m] Started Hold until boot process finishes up.
[[0;32m  OK  [0m] Started Terminate Plymouth Boot Screen.
         Starting Set console scheme...
[[0;32m  OK  [0m] Started Serial Getty on ttyS0.
[[0;32m  OK  [0m] Started LSB: automatic crash report generation.
[[0;32m  OK  [0m] Started LSB: Record successful boot for GRUB.
[[0;32m  OK  [0m] Started Set console scheme.
[[0;32m  OK  [0m] Created slice system-getty.slice.
[[0;32m  OK  [0m] Started Getty on tty1.
[[0;32m  OK  [0m] Reached target Login Prompts.
[[0;32m  OK  [0m] Started Virtualbox guest utils.
[[0;32m  OK  [0m] Started Authorization Manager.
[[0;32m  OK  [0m] Started Accounts Service.
[[0;32m  OK  [0m] Started Dispatcher daemon for systemd-networkd.
[[0;32m  OK  [0m] Started Snappy daemon.
         Starting Wait until snapd is fully seeded...
[[0;32m  OK  [0m] Started Pollinate to seed the pseudo random number generator.
         Starting OpenBSD Secure Shell server...
[[0;32m  OK  [0m] Started OpenBSD Secure Shell server.
[[0;32m  OK  [0m] Created slice User Slice of vagrant.
         Starting User Manager for UID 1000...
[[0;32m  OK  [0m] Started Session 1 of user vagrant.
[[0;32m  OK  [0m] Started User Manager for UID 1000.

Ubuntu 18.04.4 LTS ubuntu-bionic ttyS0

ubuntu-bionic login: [   18.899918] cloud-init[1762]: Cloud-init v. 19.4-33-gbb4131a2-0ubuntu1~18.04.1 running 'modules:config' at Tue, 24 Mar 2020 01:35:33 +0000. Up 18.53 seconds.
ci-info: no authorized SSH keys fingerprints found for user ubuntu.
<14>Mar 24 01:35:34 ec2: 
<14>Mar 24 01:35:34 ec2: #############################################################
<14>Mar 24 01:35:34 ec2: -----BEGIN SSH HOST KEY FINGERPRINTS-----
<14>Mar 24 01:35:34 ec2: 1024 SHA256:MRAHDtWGfcjRZKur8ibv3F0CNDdX/AW3Ax01vIq96gQ root@ubuntu-bionic (DSA)
<14>Mar 24 01:35:34 ec2: 256 SHA256:WEEKpaxaKYNa1cIAzLFo8VlMSsF8zm0l/0vhVsZx5XY root@ubuntu-bionic (ECDSA)
<14>Mar 24 01:35:34 ec2: 256 SHA256:/yVX8I0WYrhGgT/x/L1A5QRUbkjmWOBognwU3iSPl20 root@ubuntu-bionic (ED25519)
<14>Mar 24 01:35:34 ec2: 2048 SHA256:a7Nd/4m8ux0GTykP0Tc0otZwcGPPRvmHel51sP3NOZU root@ubuntu-bionic (RSA)
<14>Mar 24 01:35:34 ec2: -----END SSH HOST KEY FINGERPRINTS-----
<14>Mar 24 01:35:34 ec2: #############################################################
-----BEGIN SSH HOST KEY KEYS-----
ecdsa-sha2-nistp256 AAAAE2VjZHNhLXNoYTItbmlzdHAyNTYAAAAIbmlzdHAyNTYAAABBBMF17uAMFl92hgmJo/6i1aN2DNqL3ya/FGc5SuJYdGJJ87JaDymc+K4QBWS77+RPC/4+6AfkiTVLhiFJP2uBruU= root@ubuntu-bionic
ssh-ed25519 AAAAC3NzaC1lZDI1NTE5AAAAIE+SntwgmEx4luOojj1j6w5622OCgKA3aLLV4AakL8c7 root@ubuntu-bionic
ssh-rsa AAAAB3NzaC1yc2EAAAADAQABAAABAQCsgWS0qTloj5B8pcPNGpm2CPByHKaPgMBWZkKv5k1cgjKoCJk7fkBhGsE+YNZ2Vg7k/sN/qZCDu+pgw2p6qlNXaZzdImTvEdWpJdOZ5JOI7TbY+92R03lCbKVk/nGe8HVhyn/i1UzmSvDCTmJ9WWDmFQskI0L+LUFy7blmZNfw3wJxE+cLOrifdyOtS3h4OzZGEA/k5RNcqYRC3JV/B7zDYK8OBurryAiWlSNIEU3AfAfBKurPaHVsGJ7mc8Qop9dXx8nUlSNwnkHLZkTPt9C4kwRvUj2bOPi5XB0JysXhuHXJppbcp9u3bPb4yr7vY0g4+Mzevbijc1U/xGjP3lu/ root@ubuntu-bionic
-----END SSH HOST KEY KEYS-----
[   19.480425] cloud-init[1872]: Cloud-init v. 19.4-33-gbb4131a2-0ubuntu1~18.04.1 running 'modules:final' at Tue, 24 Mar 2020 01:35:34 +0000. Up 19.33 seconds.
[   19.481970] cloud-init[1872]: ci-info: no authorized SSH keys fingerprints found for user ubuntu.
[   19.483070] cloud-init[1872]: Cloud-init v. 19.4-33-gbb4131a2-0ubuntu1~18.04.1 finished at Tue, 24 Mar 2020 01:35:34 +0000. Datasource DataSourceNoCloud [seed=/dev/sdb][dsmode=net].  Up 19.47 seconds
